---
source: parser/src/lexer/src_lexer.rs
expression: read_all_tokens_expanded(&mut l)

---
[
    Token {
        kind: Int(
            Int(
                1,
            ),
        ),
        leading_space: false,
        hideset: {
            "ONE",
        },
        loc: None:4:1,
    },
]
