---
source: parser/src/decl.rs
expression: "Result{ty, declarator_id,}"

---
Result {
    ty: Void,
    declarator_id: Some(
        Ident(
            "var",
        ),
    ),
}
