---
source: parser/src/decl.rs
expression: parser.parse_decl_specifier()

---
Err(
    UnexpectedEof,
)
