---
source: parser/src/decl.rs
expression: parser.parse_decl_specifier()

---
Ok(
    Located {
        inner: Float,
        loc: None:1:1,
    },
)
