---
source: parser/src/expr.rs
expression: node

---
Ok(
    Expr {
        kind: Binary(
            Rem,
            Expr {
                kind: Binary(
                    Div,
                    Expr {
                        kind: Binary(
                            Mul,
                            Expr {
                                kind: Literal(
                                    Int(
                                        Int(
                                            0,
                                        ),
                                    ),
                                ),
                                loc: None:1:1,
                            },
                            Expr {
                                kind: Literal(
                                    Int(
                                        Int(
                                            1,
                                        ),
                                    ),
                                ),
                                loc: None:1:5,
                            },
                        ),
                        loc: None:1:1,
                    },
                    Expr {
                        kind: Literal(
                            Int(
                                Int(
                                    2,
                                ),
                            ),
                        ),
                        loc: None:1:9,
                    },
                ),
                loc: None:1:1,
            },
            Expr {
                kind: Literal(
                    Int(
                        Int(
                            3,
                        ),
                    ),
                ),
                loc: None:1:13,
            },
        ),
        loc: None:1:1,
    },
)
