---
source: parser/src/expr.rs
expression: node

---
Ok(
    Located {
        inner: Call(
            Located {
                inner: Literal(
                    Ident(
                        "f",
                    ),
                ),
                loc: None:1:1,
            },
            [
                Located {
                    inner: Literal(
                        Int(
                            Int(
                                1,
                            ),
                        ),
                    ),
                    loc: None:1:3,
                },
            ],
        ),
        loc: None:1:1,
    },
)
