---
source: parser/src/decl.rs
expression: "Result{ty, declarator_id,}"

---
Result {
    ty: Pointer(
        Pointer(
            Pointer(
                Pointer(
                    Void,
                ),
            ),
        ),
    ),
    declarator_id: None,
}
