---
source: parser/src/stmt.rs
expression: node

---
Err(
    UnexpectedEof,
)
